// Jest Snapshot v1, https://goo.gl/fbAQLP

exports[`custom 1`] = `"!function(e,t){\\"object\\"==typeof exports&&\\"object\\"==typeof module?module.exports=t():\\"function\\"==typeof define&&define.amd?define([],t):\\"object\\"==typeof exports?exports.MyLibrary=t():e.MyLibrary=t()}(window,function(){return function(e){var t={};function n(r){if(t[r])return t[r].exports;var o=t[r]={i:r,l:!1,exports:{}};return e[r].call(o.exports,o,o.exports,n),o.l=!0,o.exports}return n.m=e,n.c=t,n.d=function(e,t,r){n.o(e,t)||Object.defineProperty(e,t,{configurable:!1,enumerable:!0,get:r})},n.r=function(e){Object.defineProperty(e,\\"__esModule\\",{value:!0})},n.n=function(e){var t=e&&e.__esModule?function(){return e.default}:function(){return e};return n.d(t,\\"a\\",t),t},n.o=function(e,t){return Object.prototype.hasOwnProperty.call(e,t)},n.p=\\"\\",n(n.s=0)}([function(e,t){}])});"`;

exports[`custom 2`] = `""`;

exports[`defaults - { mode: development } 1`] = `
"(function webpackUniversalModuleDefinition(root, factory) {
	if(typeof exports === 'object' && typeof module === 'object')
		module.exports = factory();
	else if(typeof define === 'function' && define.amd)
		define([], factory);
	else {
		var a = factory();
		for(var i in a) (typeof exports === 'object' ? exports : root)[i] = a[i];
	}
})(window, function() {
return /******/ (function(modules) { // webpackBootstrap
/******/ 	// The module cache
/******/ 	var installedModules = {};
/******/
/******/ 	// The require function
/******/ 	function __webpack_require__(moduleId) {
/******/
/******/ 		// Check if module is in cache
/******/ 		if(installedModules[moduleId]) {
/******/ 			return installedModules[moduleId].exports;
/******/ 		}
/******/ 		// Create a new module (and put it into the cache)
/******/ 		var module = installedModules[moduleId] = {
/******/ 			i: moduleId,
/******/ 			l: false,
/******/ 			exports: {}
/******/ 		};
/******/
/******/ 		// Execute the module function
/******/ 		modules[moduleId].call(module.exports, module, module.exports, __webpack_require__);
/******/
/******/ 		// Flag the module as loaded
/******/ 		module.l = true;
/******/
/******/ 		// Return the exports of the module
/******/ 		return module.exports;
/******/ 	}
/******/
/******/
/******/ 	// expose the modules object (__webpack_modules__)
/******/ 	__webpack_require__.m = modules;
/******/
/******/ 	// expose the module cache
/******/ 	__webpack_require__.c = installedModules;
/******/
/******/ 	// define getter function for harmony exports
/******/ 	__webpack_require__.d = function(exports, name, getter) {
/******/ 		if(!__webpack_require__.o(exports, name)) {
/******/ 			Object.defineProperty(exports, name, {
/******/ 				configurable: false,
/******/ 				enumerable: true,
/******/ 				get: getter
/******/ 			});
/******/ 		}
/******/ 	};
/******/
/******/ 	// define __esModule on exports
/******/ 	__webpack_require__.r = function(exports) {
/******/ 		Object.defineProperty(exports, '__esModule', { value: true });
/******/ 	};
/******/
/******/ 	// getDefaultExport function for compatibility with non-harmony modules
/******/ 	__webpack_require__.n = function(module) {
/******/ 		var getter = module && module.__esModule ?
/******/ 			function getDefault() { return module['default']; } :
/******/ 			function getModuleExports() { return module; };
/******/ 		__webpack_require__.d(getter, 'a', getter);
/******/ 		return getter;
/******/ 	};
/******/
/******/ 	// Object.prototype.hasOwnProperty.call
/******/ 	__webpack_require__.o = function(object, property) { return Object.prototype.hasOwnProperty.call(object, property); };
/******/
/******/ 	// __webpack_public_path__
/******/ 	__webpack_require__.p = \\"\\";
/******/
/******/
/******/ 	// Load entry module and return exports
/******/ 	return __webpack_require__(__webpack_require__.s = \\"./src/index.js\\");
/******/ })
/************************************************************************/
/******/ ({

/***/ \\"./src/index.js\\":
/*!**********************!*\\\\
  !*** ./src/index.js ***!
  \\\\**********************/
/*! no static exports found */
/***/ (function(module, exports) {

eval(\\"\\\\n\\\\n//# sourceURL=webpack:///./src/index.js?\\");

/***/ })

/******/ });
});"
`;

exports[`defaults 1`] = `"!function(e,t){if(\\"object\\"==typeof exports&&\\"object\\"==typeof module)module.exports=t();else if(\\"function\\"==typeof define&&define.amd)define([],t);else{var n=t();for(var o in n)(\\"object\\"==typeof exports?exports:e)[o]=n[o]}}(window,function(){return function(e){var t={};function n(o){if(t[o])return t[o].exports;var r=t[o]={i:o,l:!1,exports:{}};return e[o].call(r.exports,r,r.exports,n),r.l=!0,r.exports}return n.m=e,n.c=t,n.d=function(e,t,o){n.o(e,t)||Object.defineProperty(e,t,{configurable:!1,enumerable:!0,get:o})},n.r=function(e){Object.defineProperty(e,\\"__esModule\\",{value:!0})},n.n=function(e){var t=e&&e.__esModule?function(){return e.default}:function(){return e};return n.d(t,\\"a\\",t),t},n.o=function(e,t){return Object.prototype.hasOwnProperty.call(e,t)},n.p=\\"\\",n(n.s=0)}([function(e,t){}])});"`;
